# Suppress sorting based on comment.

# NOSORT
sources = []

# NOSORT
sources = [
  "a",
]

# NOSORT
sources += [ "a" ]

# NOSORT
# This is NOSORT because reason.
sources = [
  "z",
  "z2",
  "a",
  "y.cc",
]

# This is NOSORT because reason:
# NOSORT
sources += [
  "z",
  "z2",
  "a",
  "y.cc",
]

# This is SORT because reason:
# SORT
keys = [
  "a",
  "y",
  "z",
  "z2",
]

# This is SORTED as DEPS because reason:
# DEPSSORT
exclude_target = [
  ":z2",
  "y",
  "//z/a",
  "//z/a:test",
]
