# Crash found by afl-fuzz in import sorting.
import(sources)
import("x")
